[{"todo":[{"title":"todo1","tag":"","done":true,"depth":0},{"title":"todo1_1","tag":"","done":true,"depth":1},{"title":"todo2","tag":"","done":false,"depth":0},{"title":"todo3","tag":"@tag1","done":false,"depth":0},{"title":"todo4","tag":"@tag1","done":false,"depth":0},{"title":"todo5","tag":"","done":false,"depth":0},{"title":"todo6","tag":"","done":false,"depth":0}],"log":[{"name":"00:09","tag":["@tag2"],"contents":[""]},{"name":"00:24","tag":null,"contents":[""]},{"name":"00:36","tag":["@tag2"],"contents":["","- [ ] todo_in_log_tag2"]}],"filename":"./test/data/190209.md"},{"todo":[{"title":"todo1","tag":"","done":true,"depth":0},{"title":"todo1_1","tag":"","done":true,"depth":1},{"title":"todo2","tag":"","done":false,"depth":0},{"title":"todo3","tag":"@tag_wrong","done":true,"depth":0},{"title":"todo4","tag":"@tag_wrong","done":false,"depth":0},{"title":"todo7","tag":"","done":true,"depth":0},{"title":"todo8","tag":"","done":false,"depth":0}],"log":[{"name":"00:09","tag":["@tag2"],"contents":[""]},{"name":"00:24","tag":null,"contents":[""]},{"name":"00:36","tag":["@tag2"],"contents":["","- [ ] todo_in_log_tag2"]}],"filename":"./test/data/190211.md"},{"todo":[{"title":"todo1","tag":"","done":true,"depth":0},{"title":"todo1_1","tag":"","done":true,"depth":1},{"title":"todo2","tag":"","done":false,"depth":0},{"title":"todo3","tag":"@tag1","done":false,"depth":0},{"title":"todo4","tag":"@tag1","done":false,"depth":0},{"title":"todo5","tag":"","done":false,"depth":0},{"title":"todo6","tag":"","done":false,"depth":0}],"log":[{"name":"00:09","tag":["@tag2"],"contents":[""]},{"name":"00:24","tag":null,"contents":[""]},{"name":"00:36","tag":["@tag2"],"contents":["","- [ ] todo_in_log_tag2"]}],"filename":"./test/data/190212.md"},{"todo":[{"title":"todo1","tag":"","done":true,"depth":0},{"title":"todo1_1","tag":"","done":true,"depth":1},{"title":"todo2","tag":"","done":false,"depth":0},{"title":"todo3","tag":"@tag1","done":false,"depth":0},{"title":"todo4","tag":"@tag1","done":false,"depth":0},{"title":"todo5","tag":"","done":false,"depth":0},{"title":"todo6","tag":"","done":false,"depth":0}],"log":[{"name":"00:09","tag":["@tag2"],"contents":[""]},{"name":"00:24","tag":null,"contents":[""]},{"name":"00:36","tag":["@tag2"],"contents":["","- [ ] todo_in_log_tag2"]}],"filename":"./test/data/190221.md"},{"todo":[{"title":"todo1","tag":"","done":true,"depth":0},{"title":"todo1_1","tag":"","done":true,"depth":1},{"title":"todo2","tag":"","done":false,"depth":0},{"title":"todo3","tag":"@tag1","done":false,"depth":0},{"title":"todo4","tag":"@tag1","done":false,"depth":0},{"title":"todo5","tag":"","done":false,"depth":0},{"title":"todo6","tag":"","done":false,"depth":0}],"log":[{"name":"00:09","tag":["@tag2"],"contents":[""]},{"name":"00:24","tag":null,"contents":[""]},{"name":"00:36","tag":["@tag2"],"contents":["","- [ ] todo_in_log_tag2"]}],"filename":"./test/data/190226.md"}]
